*** EVALUATION ***
PROGRAM "EELE465_Lab03.abs"

*********************************************************************************************
TARGET SECTION
---------------------------------------------------------------------------------------------
Processor   : Freescale HC08
Memory Model: SMALL
File Format : ELF\DWARF 2.0
Linker      : SmartLinker V-5.0.50 Build 13184, Jul  4 2013

*********************************************************************************************
FILE SECTION
---------------------------------------------------------------------------------------------
adc_asm.obj                             Model: SMALL,         Lang: Assembler
bus_asm.obj                             Model: SMALL,         Lang: Assembler
lcd_asm.obj                             Model: SMALL,         Lang: Assembler
led_asm.obj                             Model: SMALL,         Lang: Assembler
main_asm.obj                            Model: SMALL,         Lang: Assembler

*********************************************************************************************
STARTUP SECTION
---------------------------------------------------------------------------------------------
Entry point: 0xE000 (_Startup)

*********************************************************************************************
SECTION-ALLOCATION SECTION
Section Name                    Size  Type     From       To       Segment
---------------------------------------------------------------------------------------------
.init                            210     R     0xE000     0xE0D1   ROM
MY_ZEROPAGE                       12   R/W       0x60       0x6B   Z_RAM
MyCode                           402     R     0xE0D2     0xE263   ROM
.stack                            64   R/W      0x100      0x13F   RAM
.vectSeg0_vect                     2     R     0xFFF0     0xFFF1   .vectSeg0
.vectSeg1_vect                     2     R     0xFFFE     0xFFFF   .vectSeg1

Summary of section sizes per section type:
READ_ONLY (R):         268 (dec:      616)
READ_WRITE (R/W):       4C (dec:       76)

*********************************************************************************************
VECTOR-ALLOCATION SECTION
    Address     InitValue   InitFunction
---------------------------------------------------------------------------------------------
     0xFFF0        0xE029   _Vtpmovf
     0xFFFE        0xE000   _Startup

*********************************************************************************************
OBJECT-ALLOCATION SECTION
     Name               Module                 Addr   hSize   dSize     Ref    Section   RLIB
---------------------------------------------------------------------------------------------
MODULE:                 -- adc_asm.obj --
- PROCEDURES:
     adc_init                                  E0D2      12      18       1   MyCode      
     adc_read_ch26_avg                         E0E4       A      10       0   MyCode      
     adc_read_ch2_avg                          E0EE       A      10       0   MyCode      
- VARIABLES:
     adc_data_0                                  60       1       1       5   MY_ZEROPAGE 
     adc_data_1                                  61       1       1       2   MY_ZEROPAGE 
     adc_num_samples                             62       1       1       2   MY_ZEROPAGE 
MODULE:                 -- bus_asm.obj --
- PROCEDURES:
     bus_init                                  E0F8       A      10       1   MyCode      
     bus_read                                  E102      1A      26       0   MyCode      
     bus_write                                 E11C      16      22       1   MyCode      
- VARIABLES:
     bus_addr                                    63       1       1       3   MY_ZEROPAGE 
     bus_data                                    64       1       1       3   MY_ZEROPAGE 
MODULE:                 -- lcd_asm.obj --
- PROCEDURES:
     lcd_init                                  E132      9A     154       1   MyCode      
     lcd_write                                 E1CC      39      57      20   MyCode      
     lcd_char                                  E205      2C      44       2   MyCode      
     lcd_char_write_Char                       E231      30      48       0   MyCode      
     lcd_num_to_char                           E261       3       3       2   MyCode      
- VARIABLES:
     lcd_data                                    65       1       1       3   MY_ZEROPAGE 
     lcd_char_data                               66       1       1       3   MY_ZEROPAGE 
     lcd_col_idx                                 67       1       1       6   MY_ZEROPAGE 
MODULE:                 -- led_asm.obj --
- PROCEDURES:
- VARIABLES:
     led_data                                    68       1       1       3   MY_ZEROPAGE 
MODULE:                 -- main_asm.obj --
- PROCEDURES:
     _Startup                                  E000      24      36       0   .init       
     main                                      E000       0       0       0   .init       
     mainLoop                                  E024       5       5       0   .init       
     _Vtpmovf                                  E029      55      85       0   .init       
     write_to_lcd                              E07E      24      36       0   .init       
     SUB_delay                                 E0A2       6       6       9   .init       
     SUB_delay_loop_0                          E0A8       A      10       0   .init       
     SUB_delay_loop_1                          E0B2       C      12       0   .init       
     SUB_delay_loop_2                          E0BE      10      16       0   .init       
     SUB_delay_done                            E0CE       4       4       0   .init       
- VARIABLES:
     SUB_delay_cnt                               69       3       3      10   MY_ZEROPAGE 
- LABELS:
     __SEG_END_SSTACK                           140       0       0       1               

*********************************************************************************************
MODULE STATISTIC
  Name                                      Data   Code  Const
---------------------------------------------------------------------------------------------
  adc_asm.obj                                  3     38      0
  bus_asm.obj                                  2     58      0
  lcd_asm.obj                                  3    306      0
  led_asm.obj                                  1      0      0
  main_asm.obj                                 3    210      0
  other                                       64      4      0

*********************************************************************************************
SECTION USE IN OBJECT-ALLOCATION SECTION
---------------------------------------------------------------------------------------------
SECTION: ".init"
  main _Startup mainLoop _Vtpmovf write_to_lcd SUB_delay SUB_delay_loop_0 
  SUB_delay_loop_1 SUB_delay_loop_2 SUB_delay_done 
SECTION: "MY_ZEROPAGE"
  adc_data_0 adc_data_1 adc_num_samples bus_addr bus_data lcd_data 
  lcd_char_data lcd_col_idx led_data SUB_delay_cnt 
SECTION: "MyCode"
  adc_init adc_read_ch26_avg adc_read_ch2_avg bus_init adc_read_avg bus_read 
  bus_write lcd_init lcd_write lcd_char lcd_char_write_Char lcd_num_to_char 

*********************************************************************************************
OBJECT LIST SORTED BY ADDRESS
     Name                                      Addr   hSize   dSize     Ref    Section   RLIB
---------------------------------------------------------------------------------------------
     adc_data_0                                  60       1       1       5   MY_ZEROPAGE 
     adc_data_1                                  61       1       1       2   MY_ZEROPAGE 
     adc_num_samples                             62       1       1       2   MY_ZEROPAGE 
     bus_addr                                    63       1       1       3   MY_ZEROPAGE 
     bus_data                                    64       1       1       3   MY_ZEROPAGE 
     lcd_data                                    65       1       1       3   MY_ZEROPAGE 
     lcd_char_data                               66       1       1       3   MY_ZEROPAGE 
     lcd_col_idx                                 67       1       1       6   MY_ZEROPAGE 
     led_data                                    68       1       1       3   MY_ZEROPAGE 
     SUB_delay_cnt                               69       3       3      10   MY_ZEROPAGE 
     main                                      E000       0       0       0   .init       
     _Startup                                  E000      24      36       0   .init       
     mainLoop                                  E024       5       5       0   .init       
     _Vtpmovf                                  E029      55      85       0   .init       
     write_to_lcd                              E07E      24      36       0   .init       
     SUB_delay                                 E0A2       6       6       9   .init       
     SUB_delay_loop_0                          E0A8       A      10       0   .init       
     SUB_delay_loop_1                          E0B2       C      12       0   .init       
     SUB_delay_loop_2                          E0BE      10      16       0   .init       
     SUB_delay_done                            E0CE       4       4       0   .init       
     adc_init                                  E0D2      12      18       1   MyCode      
     adc_read_ch26_avg                         E0E4       A      10       0   MyCode      
     adc_read_ch2_avg                          E0EE       A      10       0   MyCode      
     bus_init                                  E0F8       A      10       1   MyCode      
     adc_read_avg                              E0F8       0       0       2   MyCode      
     bus_read                                  E102      1A      26       0   MyCode      
     bus_write                                 E11C      16      22       1   MyCode      
     lcd_init                                  E132      9A     154       1   MyCode      
     lcd_write                                 E1CC      39      57      20   MyCode      
     lcd_char                                  E205      2C      44       2   MyCode      
     lcd_char_write_Char                       E231      30      48       0   MyCode      
     lcd_num_to_char                           E261       3       3       2   MyCode      

*********************************************************************************************
UNUSED-OBJECTS SECTION
---------------------------------------------------------------------------------------------
NOT USED PROCEDURES
led_asm.obj:
  led_write 
NOT USED VARIABLES
main_asm.obj:
  keypad_data_0 keypad_data_1 

*********************************************************************************************
COPYDOWN SECTION
---------------------------------------------------------------------------------------------

*********************************************************************************************
OBJECT-DEPENDENCIES SECTION
---------------------------------------------------------------------------------------------
_Startup                  USES __SEG_END_SSTACK bus_init lcd_init lcd_col_idx 
                                led_data adc_init 
_Vtpmovf                  USES lcd_write SUB_delay_cnt SUB_delay lcd_col_idx 
                                adc_data_0 adc_data_1 
write_to_lcd              USES lcd_num_to_char lcd_char led_data 
SUB_delay                 USES SUB_delay_cnt 
adc_read_ch26_avg         USES adc_num_samples adc_read_avg 
adc_read_ch2_avg          USES adc_num_samples adc_read_avg 
bus_read                  USES bus_addr bus_data 
bus_write                 USES bus_data bus_addr 
lcd_init                  USES SUB_delay_cnt SUB_delay lcd_write 
lcd_write                 USES lcd_data bus_data bus_addr bus_write 
                                SUB_delay_cnt SUB_delay 
lcd_char                  USES lcd_char_data lcd_col_idx lcd_write 
                                SUB_delay_cnt SUB_delay 
lcd_char_write_Char       USES lcd_char_data lcd_write SUB_delay_cnt SUB_delay 
                                lcd_col_idx 

*********************************************************************************************
DEPENDENCY TREE
*********************************************************************************************
 main and _Startup Group
 | 
 +- main                
 |    
 +- _Startup            
    | 
    +- bus_init            
    |    
    +- lcd_init            
    |  | 
    |  +- SUB_delay           
    |  |    
    |  +- lcd_write           
    |     | 
    |     +- bus_write           
    |     |    
    |     +- SUB_delay            (see above)
    |        
    +- adc_init            
         
 _Vtpmovf            
 | 
 +- lcd_write            (see above)
 |  
 +- SUB_delay            (see above)
    
*********************************************************************************************
STATISTIC SECTION
---------------------------------------------------------------------------------------------

ExeFile:
--------
Number of blocks to be downloaded: 4
Total size of all blocks to be downloaded: 616

