*** EVALUATION ***
PROGRAM "EELE465_Lab03.abs"

*********************************************************************************************
TARGET SECTION
---------------------------------------------------------------------------------------------
Processor   : Freescale HC08
Memory Model: SMALL
File Format : ELF\DWARF 2.0
Linker      : SmartLinker V-5.0.50 Build 13184, Jul  4 2013

*********************************************************************************************
FILE SECTION
---------------------------------------------------------------------------------------------
adc_asm.obj                             Model: SMALL,         Lang: Assembler
bus_asm.obj                             Model: SMALL,         Lang: Assembler
keypad_asm.obj                          Model: SMALL,         Lang: Assembler
lcd_asm.obj                             Model: SMALL,         Lang: Assembler
led_asm.obj                             Model: SMALL,         Lang: Assembler
main_asm.obj                            Model: SMALL,         Lang: Assembler

*********************************************************************************************
STARTUP SECTION
---------------------------------------------------------------------------------------------
Entry point: 0xE000 (_Startup)

*********************************************************************************************
SECTION-ALLOCATION SECTION
Section Name                    Size  Type     From       To       Segment
---------------------------------------------------------------------------------------------
.init                            221     R     0xE000     0xE0DC   ROM
MY_ZEROPAGE                       21   R/W       0x60       0x74   Z_RAM
MyCode                           927     R     0xE0DD     0xE47B   ROM
MY_CONST                          21     R     0xE47C     0xE490   ROM
.stack                            64   R/W      0x100      0x13F   RAM
.vectSeg0_vect                     2     R     0xFFF0     0xFFF1   .vectSeg0
.vectSeg1_vect                     2     R     0xFFFE     0xFFFF   .vectSeg1

Summary of section sizes per section type:
READ_ONLY (R):         495 (dec:     1173)
READ_WRITE (R/W):       55 (dec:       85)

*********************************************************************************************
VECTOR-ALLOCATION SECTION
    Address     InitValue   InitFunction
---------------------------------------------------------------------------------------------
     0xFFF0        0xE09E   _Vtpmovf
     0xFFFE        0xE000   _Startup

*********************************************************************************************
OBJECT-ALLOCATION SECTION
     Name               Module                 Addr   hSize   dSize     Ref    Section   RLIB
---------------------------------------------------------------------------------------------
MODULE:                 -- adc_asm.obj --
- PROCEDURES:
     adc_init                                  E0DD      13      19       1   MyCode      
     adc_read_ch26_avg                         E0F0       A      10       0   MyCode      
     adc_read_ch2_avg                          E0FA       A      10       1   MyCode      
     adc_read_avg                              E104       A      10       2   MyCode      
     adc_read_avg_measure                      E10E       4       4       0   MyCode      
     adc_read_avg_loop_conversion              E112      18      24       0   MyCode      
- VARIABLES:
     adc_data_0                                  60       1       1       3   MY_ZEROPAGE 
     adc_data_1                                  61       1       1       3   MY_ZEROPAGE 
     adc_num_samples                             62       1       1       3   MY_ZEROPAGE 
     adc_num_samples_remaining                   63       1       1       2   MY_ZEROPAGE 
MODULE:                 -- bus_asm.obj --
- PROCEDURES:
     bus_init                                  E12A       A      10       1   MyCode      
     bus_read                                  E134      1A      26       4   MyCode      
     bus_write                                 E14E      16      22       7   MyCode      
- VARIABLES:
     bus_addr                                    64       1       1      13   MY_ZEROPAGE 
     bus_data                                    65       1       1      13   MY_ZEROPAGE 
MODULE:                 -- keypad_asm.obj --
- PROCEDURES:
     keypad_scan                               E164      8E     142       2   MyCode      
     keypad_interpret                          E1F2      1C      28       2   MyCode      
     keypad_interpret_2                        E20E       F      15       0   MyCode      
     keypad_interpret_3                        E21D       F      15       0   MyCode      
     keypad_interpret_A                        E22C      11      17       0   MyCode      
     keypad_interpret_lower_rows_jump          E23D       2       2       0   MyCode      
     keypad_interpret_4                        E23F       F      15       0   MyCode      
     keypad_interpret_5                        E24E       F      15       0   MyCode      
     keypad_interpret_6                        E25D       F      15       0   MyCode      
     keypad_interpret_B                        E26C       F      15       0   MyCode      
     keypad_interpret_lower_rows               E27B      1B      27       0   MyCode      
     keypad_interpret_8                        E296       F      15       0   MyCode      
     keypad_interpret_9                        E2A5       F      15       0   MyCode      
     keypad_interpret_C                        E2B4      11      17       0   MyCode      
     keypad_interpret_done_jump                E2C5       2       2       0   MyCode      
     keypad_interpret_E                        E2C7       F      15       0   MyCode      
     keypad_interpret_0                        E2D6       F      15       0   MyCode      
     keypad_interpret_F                        E2E5       F      15       0   MyCode      
     keypad_interpret_D                        E2F4       F      15       0   MyCode      
     keypad_interpret_done                     E303       3       3       0   MyCode      
- VARIABLES:
     keypad_data_0                               66       1       1       5   MY_ZEROPAGE 
     keypad_data_1                               67       1       1       5   MY_ZEROPAGE 
     keypad_data_0_old                           68       1       1       2   MY_ZEROPAGE 
     keypad_data_1_old                           69       1       1       2   MY_ZEROPAGE 
     keypad_data_cmp                             6A       1       1      18   MY_ZEROPAGE 
MODULE:                 -- lcd_asm.obj --
- PROCEDURES:
     lcd_init                                  E306      9A     154       1   MyCode      
     lcd_write                                 E3A0      39      57      20   MyCode      
     lcd_char                                  E3D9      32      50      19   MyCode      
     lcd_str                                   E40B       2       2       3   MyCode      
     lcd_str_loop                              E40D      18      24       0   MyCode      
     lcd_num_to_char                           E425       3       3       2   MyCode      
     lcd_clear                                 E428      1C      28       2   MyCode      
     lcd_goto_row0                             E444       A      10       0   MyCode      
     lcd_goto_row1                             E44E       A      10       0   MyCode      
- VARIABLES:
     lcd_data                                    6B       1       1       3   MY_ZEROPAGE 
     lcd_char_data                               6C       1       1       2   MY_ZEROPAGE 
     lcd_col_idx                                 6D       1       1       3   MY_ZEROPAGE 
     str_length                                  6E       1       1       3   MY_ZEROPAGE 
MODULE:                 -- led_asm.obj --
- PROCEDURES:
     led_write                                 E458      24      36       2   MyCode      
- VARIABLES:
     led_data                                    6F       1       1       5   MY_ZEROPAGE 
MODULE:                 -- main_asm.obj --
- PROCEDURES:
     _Startup                                  E000      24      36       0   .init       
     main                                      E000       0       0       0   .init       
     mainLoop                                  E024       C      12       1   .init       
     mainloop_prompt_wait                      E030      31      49       0   .init       
     mainloop_write_external                   E061      29      41       0   .init       
     mainloop_end                              E08A      11      17       0   .init       
     mainloop_restart                          E09B       3       3       0   .init       
     _Vtpmovf                                  E09E       F      15       0   .init       
     SUB_delay                                 E0AD       6       6       8   .init       
     SUB_delay_loop_0                          E0B3       A      10       0   .init       
     SUB_delay_loop_1                          E0BD       C      12       0   .init       
     SUB_delay_loop_2                          E0C9      10      16       0   .init       
     SUB_delay_done                            E0D9       4       4       0   .init       
- VARIABLES:
     SUB_delay_cnt                               70       3       3       9   MY_ZEROPAGE 
     num_samples                                 73       1       1       2   MY_ZEROPAGE 
     temp                                        74       1       1       5   MY_ZEROPAGE 
     str_prompt                                E47C       9       9       1   MY_CONST    
     str_prompt_length                         E485       1       1       1   MY_CONST    
     str_TK                                    E486       4       4       1   MY_CONST    
     str_TK_length                             E48A       1       1       1   MY_CONST    
     str_TC                                    E48B       5       5       1   MY_CONST    
     str_TC_length                             E490       1       1       1   MY_CONST    
- LABELS:
     __SEG_END_SSTACK                           140       0       0       1               

*********************************************************************************************
MODULE STATISTIC
  Name                                      Data   Code  Const
---------------------------------------------------------------------------------------------
  adc_asm.obj                                  4     77      0
  bus_asm.obj                                  2     58      0
  keypad_asm.obj                               5    418      0
  lcd_asm.obj                                  4    338      0
  led_asm.obj                                  1     36      0
  main_asm.obj                                 5    221     21
  other                                       64      4      0

*********************************************************************************************
SECTION USE IN OBJECT-ALLOCATION SECTION
---------------------------------------------------------------------------------------------
SECTION: ".init"
  main _Startup mainLoop mainloop_prompt_wait mainloop_write_external 
  mainloop_end mainloop_restart _Vtpmovf SUB_delay SUB_delay_loop_0 
  SUB_delay_loop_1 SUB_delay_loop_2 SUB_delay_done 
SECTION: "MY_ZEROPAGE"
  adc_data_0 adc_data_1 adc_num_samples adc_num_samples_remaining bus_addr 
  bus_data keypad_data_0 keypad_data_1 keypad_data_0_old keypad_data_1_old 
  keypad_data_cmp lcd_data lcd_char_data lcd_col_idx str_length led_data 
  SUB_delay_cnt num_samples temp 
SECTION: "MyCode"
  adc_init adc_read_ch26_avg adc_read_ch2_avg adc_read_avg 
  adc_read_avg_measure adc_read_avg_loop_conversion bus_init bus_read bus_write 
  keypad_scan keypad_interpret keypad_interpret_2 keypad_interpret_3 
  keypad_interpret_A keypad_interpret_lower_rows_jump keypad_interpret_4 
  keypad_interpret_5 keypad_interpret_6 keypad_interpret_B 
  keypad_interpret_lower_rows keypad_interpret_8 keypad_interpret_9 
  keypad_interpret_C keypad_interpret_done_jump keypad_interpret_E 
  keypad_interpret_0 keypad_interpret_F keypad_interpret_D 
  keypad_interpret_done lcd_init lcd_write lcd_char lcd_str lcd_str_loop 
  lcd_num_to_char lcd_clear lcd_goto_row0 lcd_goto_row1 led_write 
SECTION: "MY_CONST"
  str_prompt str_prompt_length str_TK str_TK_length str_TC str_TC_length 

*********************************************************************************************
OBJECT LIST SORTED BY ADDRESS
     Name                                      Addr   hSize   dSize     Ref    Section   RLIB
---------------------------------------------------------------------------------------------
     adc_data_0                                  60       1       1       3   MY_ZEROPAGE 
     adc_data_1                                  61       1       1       3   MY_ZEROPAGE 
     adc_num_samples                             62       1       1       3   MY_ZEROPAGE 
     adc_num_samples_remaining                   63       1       1       2   MY_ZEROPAGE 
     bus_addr                                    64       1       1      13   MY_ZEROPAGE 
     bus_data                                    65       1       1      13   MY_ZEROPAGE 
     keypad_data_0                               66       1       1       5   MY_ZEROPAGE 
     keypad_data_1                               67       1       1       5   MY_ZEROPAGE 
     keypad_data_0_old                           68       1       1       2   MY_ZEROPAGE 
     keypad_data_1_old                           69       1       1       2   MY_ZEROPAGE 
     keypad_data_cmp                             6A       1       1      18   MY_ZEROPAGE 
     lcd_data                                    6B       1       1       3   MY_ZEROPAGE 
     lcd_char_data                               6C       1       1       2   MY_ZEROPAGE 
     lcd_col_idx                                 6D       1       1       3   MY_ZEROPAGE 
     str_length                                  6E       1       1       3   MY_ZEROPAGE 
     led_data                                    6F       1       1       5   MY_ZEROPAGE 
     SUB_delay_cnt                               70       3       3       9   MY_ZEROPAGE 
     num_samples                                 73       1       1       2   MY_ZEROPAGE 
     temp                                        74       1       1       5   MY_ZEROPAGE 
     main                                      E000       0       0       0   .init       
     _Startup                                  E000      24      36       0   .init       
     mainLoop                                  E024       C      12       1   .init       
     mainloop_prompt_wait                      E030      31      49       0   .init       
     mainloop_write_external                   E061      29      41       0   .init       
     mainloop_end                              E08A      11      17       0   .init       
     mainloop_restart                          E09B       3       3       0   .init       
     _Vtpmovf                                  E09E       F      15       0   .init       
     SUB_delay                                 E0AD       6       6       8   .init       
     SUB_delay_loop_0                          E0B3       A      10       0   .init       
     SUB_delay_loop_1                          E0BD       C      12       0   .init       
     SUB_delay_loop_2                          E0C9      10      16       0   .init       
     SUB_delay_done                            E0D9       4       4       0   .init       
     adc_init                                  E0DD      13      19       1   MyCode      
     adc_read_ch26_avg                         E0F0       A      10       0   MyCode      
     adc_read_ch2_avg                          E0FA       A      10       1   MyCode      
     adc_read_avg                              E104       A      10       2   MyCode      
     adc_read_avg_measure                      E10E       4       4       0   MyCode      
     adc_read_avg_loop_conversion              E112      18      24       0   MyCode      
     bus_init                                  E12A       A      10       1   MyCode      
     bus_read                                  E134      1A      26       4   MyCode      
     bus_write                                 E14E      16      22       7   MyCode      
     keypad_scan                               E164      8E     142       2   MyCode      
     keypad_interpret                          E1F2      1C      28       2   MyCode      
     keypad_interpret_2                        E20E       F      15       0   MyCode      
     keypad_interpret_3                        E21D       F      15       0   MyCode      
     keypad_interpret_A                        E22C      11      17       0   MyCode      
     keypad_interpret_lower_rows_jump          E23D       2       2       0   MyCode      
     keypad_interpret_4                        E23F       F      15       0   MyCode      
     keypad_interpret_5                        E24E       F      15       0   MyCode      
     keypad_interpret_6                        E25D       F      15       0   MyCode      
     keypad_interpret_B                        E26C       F      15       0   MyCode      
     keypad_interpret_lower_rows               E27B      1B      27       0   MyCode      
     keypad_interpret_8                        E296       F      15       0   MyCode      
     keypad_interpret_9                        E2A5       F      15       0   MyCode      
     keypad_interpret_C                        E2B4      11      17       0   MyCode      
     keypad_interpret_done_jump                E2C5       2       2       0   MyCode      
     keypad_interpret_E                        E2C7       F      15       0   MyCode      
     keypad_interpret_0                        E2D6       F      15       0   MyCode      
     keypad_interpret_F                        E2E5       F      15       0   MyCode      
     keypad_interpret_D                        E2F4       F      15       0   MyCode      
     keypad_interpret_done                     E303       3       3       0   MyCode      
     lcd_init                                  E306      9A     154       1   MyCode      
     lcd_write                                 E3A0      39      57      20   MyCode      
     lcd_char                                  E3D9      32      50      19   MyCode      
     lcd_str                                   E40B       2       2       3   MyCode      
     lcd_str_loop                              E40D      18      24       0   MyCode      
     lcd_num_to_char                           E425       3       3       2   MyCode      
     lcd_clear                                 E428      1C      28       2   MyCode      
     lcd_goto_row0                             E444       A      10       0   MyCode      
     lcd_goto_row1                             E44E       A      10       0   MyCode      
     led_write                                 E458      24      36       2   MyCode      
     str_prompt                                E47C       9       9       1   MY_CONST    
     str_prompt_length                         E485       1       1       1   MY_CONST    
     str_TK                                    E486       4       4       1   MY_CONST    
     str_TK_length                             E48A       1       1       1   MY_CONST    
     str_TC                                    E48B       5       5       1   MY_CONST    
     str_TC_length                             E490       1       1       1   MY_CONST    

*********************************************************************************************
UNUSED-OBJECTS SECTION
---------------------------------------------------------------------------------------------

*********************************************************************************************
COPYDOWN SECTION
---------------------------------------------------------------------------------------------

*********************************************************************************************
OBJECT-DEPENDENCIES SECTION
---------------------------------------------------------------------------------------------
_Startup                  USES __SEG_END_SSTACK bus_init lcd_init lcd_col_idx 
                                led_data adc_init 
mainLoop                  USES lcd_clear str_prompt str_prompt_length lcd_str 
mainloop_prompt_wait      USES led_write keypad_scan keypad_interpret 
                                num_samples adc_read_ch2_avg adc_data_0 adc_data_1 temp 
mainloop_write_external   USES lcd_clear str_TK str_TK_length lcd_str temp 
                                lcd_num_to_char lcd_char str_TC str_TC_length 
mainloop_end              USES led_write keypad_scan keypad_interpret 
mainloop_restart          USES mainLoop 
_Vtpmovf                  USES led_data 
SUB_delay                 USES SUB_delay_cnt 
adc_read_ch26_avg         USES adc_num_samples adc_read_avg 
adc_read_ch2_avg          USES adc_num_samples adc_read_avg 
adc_read_avg              USES adc_data_0 adc_data_1 adc_num_samples 
adc_read_avg_loop_conversion USES adc_data_0 adc_data_1 
                                adc_num_samples_remaining 
bus_read                  USES bus_addr bus_data 
bus_write                 USES bus_data bus_addr 
keypad_scan               USES keypad_data_0 keypad_data_0_old keypad_data_1 
                                keypad_data_1_old bus_addr bus_data bus_write bus_read 
keypad_interpret          USES keypad_data_0_old keypad_data_0 keypad_data_cmp 
                                lcd_char 
keypad_interpret_2        USES keypad_data_cmp lcd_char 
keypad_interpret_3        USES keypad_data_cmp lcd_char 
keypad_interpret_A        USES keypad_data_cmp lcd_char 
keypad_interpret_4        USES keypad_data_cmp lcd_char 
keypad_interpret_5        USES keypad_data_cmp lcd_char 
keypad_interpret_6        USES keypad_data_cmp lcd_char 
keypad_interpret_B        USES keypad_data_cmp lcd_char 
keypad_interpret_lower_rows USES keypad_data_1_old keypad_data_1 
                                keypad_data_cmp lcd_char 
keypad_interpret_8        USES keypad_data_cmp lcd_char 
keypad_interpret_9        USES keypad_data_cmp lcd_char 
keypad_interpret_C        USES keypad_data_cmp lcd_char 
keypad_interpret_E        USES keypad_data_cmp lcd_char 
keypad_interpret_0        USES keypad_data_cmp lcd_char 
keypad_interpret_F        USES keypad_data_cmp lcd_char 
keypad_interpret_D        USES keypad_data_cmp lcd_char 
lcd_init                  USES SUB_delay_cnt SUB_delay lcd_write 
lcd_write                 USES lcd_data bus_data bus_addr bus_write 
                                SUB_delay_cnt SUB_delay 
lcd_char                  USES lcd_char_data lcd_write SUB_delay_cnt SUB_delay 
                                lcd_col_idx 
lcd_str                   USES str_length 
lcd_str_loop              USES lcd_char str_length 
lcd_clear                 USES lcd_write SUB_delay_cnt SUB_delay 
lcd_goto_row0             USES lcd_write 
lcd_goto_row1             USES lcd_write 
led_write                 USES bus_addr led_data bus_data bus_write 

*********************************************************************************************
DEPENDENCY TREE
*********************************************************************************************
 main and _Startup Group
 | 
 +- main                
 |    
 +- _Startup            
    | 
    +- bus_init            
    |    
    +- lcd_init            
    |  | 
    |  +- SUB_delay           
    |  |    
    |  +- lcd_write           
    |     | 
    |     +- bus_write           
    |     |    
    |     +- SUB_delay            (see above)
    |        
    +- adc_init            
         
 _Vtpmovf            
   
*********************************************************************************************
STATISTIC SECTION
---------------------------------------------------------------------------------------------

ExeFile:
--------
Number of blocks to be downloaded: 5
Total size of all blocks to be downloaded: 1173

