*** EVALUATION ************************************************************************************************
*********************************************************************************************
LINKING FAILED
The linking process failed in some stage.
Depending on the phase the linker failed, part of the information contained in this map file may be inaccurate or wrong.
If the linking failed before the allocation phase finished, then the addresses might be inaccurate.
Also summary information like the code size is likely to be misleading.
---------------------------------------------------------------------------------------------
---------------------------------------------------------------------------------------------

PROGRAM "EELE465_Lab03.abs"

*********************************************************************************************
TARGET SECTION
---------------------------------------------------------------------------------------------
Processor   : Freescale HC08
Memory Model: SMALL
File Format : ELF (no debug info)
Linker      : SmartLinker V-5.0.50 Build 13184, Jul  4 2013

*********************************************************************************************
FILE SECTION
---------------------------------------------------------------------------------------------
bus_asm.obj                             Model: SMALL,         Lang: Assembler
keypad_asm.obj                          Model: SMALL,         Lang: Assembler
led_asm.obj                             Model: SMALL,         Lang: Assembler
main_asm.obj                            Model: SMALL,         Lang: Assembler

*********************************************************************************************
STARTUP SECTION
---------------------------------------------------------------------------------------------

*********************************************************************************************
SECTION-ALLOCATION SECTION
Section Name                    Size  Type     From       To       Segment
---------------------------------------------------------------------------------------------

Summary of section sizes per section type:

*********************************************************************************************
VECTOR-ALLOCATION SECTION
    Address     InitValue   InitFunction
---------------------------------------------------------------------------------------------

*********************************************************************************************
OBJECT-ALLOCATION SECTION
     Name               Module                 Addr   hSize   dSize     Ref    Section   RLIB
---------------------------------------------------------------------------------------------
MODULE:                 -- bus_asm.obj --
- PROCEDURES:
     bus_read                                     0'Error      1A      26       0   MyCode      
     bus_write                                    0'Error      16      22       0   MyCode      
- VARIABLES:
     bus_addr                                     0'Error       1       1       0   MY_ZEROPAGE 
     bus_data                                     0'Error       1       1       0   MY_ZEROPAGE 
MODULE:                 -- keypad_asm.obj --
- PROCEDURES:
     keypad_scan                                  0'Error      8E     142       0   MyCode      
     keypad_interpret                             0'Error      24      36       0   MyCode      
- VARIABLES:
     keypad_data_0                                0'Error       1       1       0   MY_ZEROPAGE 
     keypad_data_1                                0'Error       1       1       0   MY_ZEROPAGE 
     keypad_data_0_old                            0'Error       1       1       0   MY_ZEROPAGE 
     keypad_data_1_old                            0'Error       1       1       0   MY_ZEROPAGE 
     keypad_data_cmp                              0'Error       1       1       0   MY_ZEROPAGE 
MODULE:                 -- led_asm.obj --
- PROCEDURES:
     led_write                                    0'Error      24      36       0   MyCode      
- VARIABLES:
     led_data                                     0'Error       1       1       0   MY_ZEROPAGE 
MODULE:                 -- main_asm.obj --
- PROCEDURES:
     _Startup                                     0'Error      35      53       0   MyCode      
     main                                         0'Error       0       0       0   MyCode      
     _Vtpmovf                                     0'Error      4D      77       0   MyCode      
     lcd_init                                     0'Error      9A     154       0   MyCode      
     lcd_write                                    0'Error      34      52       0   MyCode      
     lcd_char                                     0'Error      29      41       0   MyCode      
     num_to_char                                  0'Error       3       3       0   MyCode      
     SUB_delay                                    0'Error       6       6       0   MyCode      
- VARIABLES:
     bus_addr                                     0'Error       1       1       0   MY_ZEROPAGE 
     bus_data                                     0'Error       1       1       0   MY_ZEROPAGE 
     lcd_data                                     0'Error       1       1       0   MY_ZEROPAGE 
     lcd_char_data                                0'Error       1       1       0   MY_ZEROPAGE 
     lcd_col_idx                                  0'Error       1       1       0   MY_ZEROPAGE 
     adc_data_0                                   0'Error       1       1       0   MY_ZEROPAGE 
     adc_data_1                                   0'Error       1       1       0   MY_ZEROPAGE 
     SUB_delay_cnt                                0'Error       3       3       0   MY_ZEROPAGE 
- LABELS:
     __SEG_END_SSTACK                             0'Error       0       0       0               

*********************************************************************************************
MODULE STATISTIC
  Name                                      Data   Code  Const
---------------------------------------------------------------------------------------------

*********************************************************************************************
SECTION USE IN OBJECT-ALLOCATION SECTION
---------------------------------------------------------------------------------------------

*********************************************************************************************
OBJECT LIST SORTED BY ADDRESS
     Name                                      Addr   hSize   dSize     Ref    Section   RLIB
---------------------------------------------------------------------------------------------

*********************************************************************************************
UNUSED-OBJECTS SECTION
---------------------------------------------------------------------------------------------
NOT USED PROCEDURES
keypad_asm.obj:
  keypad_interpret_2 keypad_interpret_3 keypad_interpret_A 
  keypad_interpret_lower_rows_jump keypad_interpret_4 keypad_interpret_5 
  keypad_interpret_6 keypad_interpret_B keypad_interpret_lower_rows 
  keypad_interpret_8 keypad_interpret_9 keypad_interpret_C 
  keypad_interpret_done_jump keypad_interpret_E keypad_interpret_0 
  keypad_interpret_F keypad_interpret_D keypad_interpret_done 
main_asm.obj:
  mainLoop write_to_lcd lcd_char_write_Char SUB_delay_loop_0 SUB_delay_loop_1 
  SUB_delay_loop_2 SUB_delay_done 

*********************************************************************************************
COPYDOWN SECTION
---------------------------------------------------------------------------------------------

*********************************************************************************************
OBJECT-DEPENDENCIES SECTION
---------------------------------------------------------------------------------------------

*********************************************************************************************
STATISTIC SECTION
---------------------------------------------------------------------------------------------

ExeFile:
--------
Number of blocks to be downloaded: 0
Total size of all blocks to be downloaded: 0

