*** EVALUATION ***
PROGRAM "EELE465_Lab03.abs"

*********************************************************************************************
TARGET SECTION
---------------------------------------------------------------------------------------------
Processor   : Freescale HC08
Memory Model: SMALL
File Format : ELF\DWARF 2.0
Linker      : SmartLinker V-5.0.50 Build 13184, Jul  4 2013

*********************************************************************************************
FILE SECTION
---------------------------------------------------------------------------------------------
adc_asm.obj                             Model: SMALL,         Lang: Assembler
bus_asm.obj                             Model: SMALL,         Lang: Assembler
keypad_asm.obj                          Model: SMALL,         Lang: Assembler
lcd_asm.obj                             Model: SMALL,         Lang: Assembler
led_asm.obj                             Model: SMALL,         Lang: Assembler
main_asm.obj                            Model: SMALL,         Lang: Assembler

*********************************************************************************************
STARTUP SECTION
---------------------------------------------------------------------------------------------
Entry point: 0xE000 (_Startup)

*********************************************************************************************
SECTION-ALLOCATION SECTION
Section Name                    Size  Type     From       To       Segment
---------------------------------------------------------------------------------------------
.init                            267     R     0xE000     0xE10A   ROM
MY_ZEROPAGE                       22   R/W       0x60       0x75   Z_RAM
MyCode                           887     R     0xE10B     0xE481   ROM
MY_CONST                          21     R     0xE482     0xE496   ROM
.stack                            64   R/W      0x100      0x13F   RAM
.vectSeg0_vect                     2     R     0xFFF0     0xFFF1   .vectSeg0
.vectSeg1_vect                     2     R     0xFFFE     0xFFFF   .vectSeg1

Summary of section sizes per section type:
READ_ONLY (R):         49B (dec:     1179)
READ_WRITE (R/W):       56 (dec:       86)

*********************************************************************************************
VECTOR-ALLOCATION SECTION
    Address     InitValue   InitFunction
---------------------------------------------------------------------------------------------
     0xFFF0        0xE0CC   _Vtpmovf
     0xFFFE        0xE000   _Startup

*********************************************************************************************
OBJECT-ALLOCATION SECTION
     Name               Module                 Addr   hSize   dSize     Ref    Section   RLIB
---------------------------------------------------------------------------------------------
MODULE:                 -- adc_asm.obj --
- PROCEDURES:
     adc_init                                  E10B      13      19       1   MyCode      
     adc_read_ch26_avg                         E11E       A      10       0   MyCode      
     adc_read_ch2_avg                          E128       A      10       1   MyCode      
     adc_read_avg                              E132       C      12       2   MyCode      
     adc_read_avg_measure                      E13E       4       4       0   MyCode      
     adc_read_avg_loop_conversion              E142      1E      30       0   MyCode      
- VARIABLES:
     adc_data_0                                  60       1       1       4   MY_ZEROPAGE 
     adc_data_1                                  61       1       1       4   MY_ZEROPAGE 
     adc_num_samples                             62       1       1       3   MY_ZEROPAGE 
     adc_num_samples_remaining                   63       1       1       3   MY_ZEROPAGE 
MODULE:                 -- bus_asm.obj --
- PROCEDURES:
     bus_init                                  E160       A      10       1   MyCode      
     bus_read                                  E16A      1A      26       4   MyCode      
     bus_write                                 E184      16      22       7   MyCode      
- VARIABLES:
     bus_addr                                    64       1       1      13   MY_ZEROPAGE 
     bus_data                                    65       1       1      13   MY_ZEROPAGE 
MODULE:                 -- keypad_asm.obj --
- PROCEDURES:
     keypad_scan                               E19A      8E     142       2   MyCode      
     keypad_interpret                          E228      19      25       2   MyCode      
     keypad_interpret_2                        E241       C      12       0   MyCode      
     keypad_interpret_3                        E24D       C      12       0   MyCode      
     keypad_interpret_A                        E259       E      14       0   MyCode      
     keypad_interpret_lower_rows_jump          E267       2       2       0   MyCode      
     keypad_interpret_4                        E269       C      12       0   MyCode      
     keypad_interpret_5                        E275       C      12       0   MyCode      
     keypad_interpret_6                        E281       C      12       0   MyCode      
     keypad_interpret_B                        E28D       C      12       0   MyCode      
     keypad_interpret_lower_rows               E299      18      24       0   MyCode      
     keypad_interpret_8                        E2B1       C      12       0   MyCode      
     keypad_interpret_9                        E2BD       C      12       0   MyCode      
     keypad_interpret_C                        E2C9       E      14       0   MyCode      
     keypad_interpret_done_jump                E2D7       2       2       0   MyCode      
     keypad_interpret_E                        E2D9       C      12       0   MyCode      
     keypad_interpret_0                        E2E5       C      12       0   MyCode      
     keypad_interpret_F                        E2F1       C      12       0   MyCode      
     keypad_interpret_D                        E2FD       C      12       0   MyCode      
     keypad_interpret_done                     E309       3       3       0   MyCode      
- VARIABLES:
     keypad_data_0                               66       1       1       5   MY_ZEROPAGE 
     keypad_data_1                               67       1       1       5   MY_ZEROPAGE 
     keypad_data_0_old                           68       1       1       2   MY_ZEROPAGE 
     keypad_data_1_old                           69       1       1       2   MY_ZEROPAGE 
     keypad_data_cmp                             6A       1       1      18   MY_ZEROPAGE 
MODULE:                 -- lcd_asm.obj --
- PROCEDURES:
     lcd_init                                  E30C      9A     154       1   MyCode      
     lcd_write                                 E3A6      39      57      20   MyCode      
     lcd_char                                  E3DF      32      50       7   MyCode      
     lcd_str                                   E411       2       2       3   MyCode      
     lcd_str_loop                              E413      18      24       0   MyCode      
     lcd_num_to_char                           E42B       3       3       4   MyCode      
     lcd_clear                                 E42E      1C      28       2   MyCode      
     lcd_goto_row0                             E44A       A      10       0   MyCode      
     lcd_goto_row1                             E454       A      10       0   MyCode      
- VARIABLES:
     lcd_data                                    6B       1       1       3   MY_ZEROPAGE 
     lcd_char_data                               6C       1       1       2   MY_ZEROPAGE 
     lcd_col_idx                                 6D       1       1       3   MY_ZEROPAGE 
     str_length                                  6E       1       1       3   MY_ZEROPAGE 
MODULE:                 -- led_asm.obj --
- PROCEDURES:
     led_write                                 E45E      24      36       2   MyCode      
- VARIABLES:
     led_data                                    6F       1       1       5   MY_ZEROPAGE 
MODULE:                 -- main_asm.obj --
- PROCEDURES:
     _Startup                                  E000      24      36       0   .init       
     main                                      E000       0       0       0   .init       
     mainLoop                                  E024       C      12       1   .init       
     mainloop_prompt_wait                      E030      31      49       0   .init       
     mainloop_write_external                   E061      1D      29       0   .init       
     mainloop_k_small                          E07E       9       9       0   .init       
     mainloop_k                                E087      31      49       0   .init       
     mainloop_end                              E0B8      11      17       0   .init       
     mainloop_restart                          E0C9       3       3       0   .init       
     _Vtpmovf                                  E0CC       F      15       0   .init       
     SUB_delay                                 E0DB       6       6       8   .init       
     SUB_delay_loop_0                          E0E1       A      10       0   .init       
     SUB_delay_loop_1                          E0EB       C      12       0   .init       
     SUB_delay_loop_2                          E0F7      10      16       0   .init       
     SUB_delay_done                            E107       4       4       0   .init       
- VARIABLES:
     SUB_delay_cnt                               70       3       3       9   MY_ZEROPAGE 
     num_samples                                 73       1       1       2   MY_ZEROPAGE 
     temp                                        74       1       1       6   MY_ZEROPAGE 
     temp_k                                      75       1       1       3   MY_ZEROPAGE 
     str_prompt                                E482       9       9       1   MY_CONST    
     str_prompt_length                         E48B       1       1       1   MY_CONST    
     str_TK                                    E48C       4       4       1   MY_CONST    
     str_TK_length                             E490       1       1       1   MY_CONST    
     str_TC                                    E491       5       5       1   MY_CONST    
     str_TC_length                             E496       1       1       1   MY_CONST    
- LABELS:
     __SEG_END_SSTACK                           140       0       0       1               

*********************************************************************************************
MODULE STATISTIC
  Name                                      Data   Code  Const
---------------------------------------------------------------------------------------------
  adc_asm.obj                                  4     85      0
  bus_asm.obj                                  2     58      0
  keypad_asm.obj                               5    370      0
  lcd_asm.obj                                  4    338      0
  led_asm.obj                                  1     36      0
  main_asm.obj                                 6    267     21
  other                                       64      4      0

*********************************************************************************************
SECTION USE IN OBJECT-ALLOCATION SECTION
---------------------------------------------------------------------------------------------
SECTION: ".init"
  main _Startup mainLoop mainloop_prompt_wait mainloop_write_external 
  mainloop_k_small mainloop_k mainloop_end mainloop_restart _Vtpmovf SUB_delay 
  SUB_delay_loop_0 SUB_delay_loop_1 SUB_delay_loop_2 SUB_delay_done 
SECTION: "MY_ZEROPAGE"
  adc_data_0 adc_data_1 adc_num_samples adc_num_samples_remaining bus_addr 
  bus_data keypad_data_0 keypad_data_1 keypad_data_0_old keypad_data_1_old 
  keypad_data_cmp lcd_data lcd_char_data lcd_col_idx str_length led_data 
  SUB_delay_cnt num_samples temp temp_k 
SECTION: "MyCode"
  adc_init adc_read_ch26_avg adc_read_ch2_avg adc_read_avg 
  adc_read_avg_measure adc_read_avg_loop_conversion bus_init bus_read bus_write 
  keypad_scan keypad_interpret keypad_interpret_2 keypad_interpret_3 
  keypad_interpret_A keypad_interpret_lower_rows_jump keypad_interpret_4 
  keypad_interpret_5 keypad_interpret_6 keypad_interpret_B 
  keypad_interpret_lower_rows keypad_interpret_8 keypad_interpret_9 
  keypad_interpret_C keypad_interpret_done_jump keypad_interpret_E 
  keypad_interpret_0 keypad_interpret_F keypad_interpret_D 
  keypad_interpret_done lcd_init lcd_write lcd_char lcd_str lcd_str_loop 
  lcd_num_to_char lcd_clear lcd_goto_row0 lcd_goto_row1 led_write 
SECTION: "MY_CONST"
  str_prompt str_prompt_length str_TK str_TK_length str_TC str_TC_length 

*********************************************************************************************
OBJECT LIST SORTED BY ADDRESS
     Name                                      Addr   hSize   dSize     Ref    Section   RLIB
---------------------------------------------------------------------------------------------
     adc_data_0                                  60       1       1       4   MY_ZEROPAGE 
     adc_data_1                                  61       1       1       4   MY_ZEROPAGE 
     adc_num_samples                             62       1       1       3   MY_ZEROPAGE 
     adc_num_samples_remaining                   63       1       1       3   MY_ZEROPAGE 
     bus_addr                                    64       1       1      13   MY_ZEROPAGE 
     bus_data                                    65       1       1      13   MY_ZEROPAGE 
     keypad_data_0                               66       1       1       5   MY_ZEROPAGE 
     keypad_data_1                               67       1       1       5   MY_ZEROPAGE 
     keypad_data_0_old                           68       1       1       2   MY_ZEROPAGE 
     keypad_data_1_old                           69       1       1       2   MY_ZEROPAGE 
     keypad_data_cmp                             6A       1       1      18   MY_ZEROPAGE 
     lcd_data                                    6B       1       1       3   MY_ZEROPAGE 
     lcd_char_data                               6C       1       1       2   MY_ZEROPAGE 
     lcd_col_idx                                 6D       1       1       3   MY_ZEROPAGE 
     str_length                                  6E       1       1       3   MY_ZEROPAGE 
     led_data                                    6F       1       1       5   MY_ZEROPAGE 
     SUB_delay_cnt                               70       3       3       9   MY_ZEROPAGE 
     num_samples                                 73       1       1       2   MY_ZEROPAGE 
     temp                                        74       1       1       6   MY_ZEROPAGE 
     temp_k                                      75       1       1       3   MY_ZEROPAGE 
     main                                      E000       0       0       0   .init       
     _Startup                                  E000      24      36       0   .init       
     mainLoop                                  E024       C      12       1   .init       
     mainloop_prompt_wait                      E030      31      49       0   .init       
     mainloop_write_external                   E061      1D      29       0   .init       
     mainloop_k_small                          E07E       9       9       0   .init       
     mainloop_k                                E087      31      49       0   .init       
     mainloop_end                              E0B8      11      17       0   .init       
     mainloop_restart                          E0C9       3       3       0   .init       
     _Vtpmovf                                  E0CC       F      15       0   .init       
     SUB_delay                                 E0DB       6       6       8   .init       
     SUB_delay_loop_0                          E0E1       A      10       0   .init       
     SUB_delay_loop_1                          E0EB       C      12       0   .init       
     SUB_delay_loop_2                          E0F7      10      16       0   .init       
     SUB_delay_done                            E107       4       4       0   .init       
     adc_init                                  E10B      13      19       1   MyCode      
     adc_read_ch26_avg                         E11E       A      10       0   MyCode      
     adc_read_ch2_avg                          E128       A      10       1   MyCode      
     adc_read_avg                              E132       C      12       2   MyCode      
     adc_read_avg_measure                      E13E       4       4       0   MyCode      
     adc_read_avg_loop_conversion              E142      1E      30       0   MyCode      
     bus_init                                  E160       A      10       1   MyCode      
     bus_read                                  E16A      1A      26       4   MyCode      
     bus_write                                 E184      16      22       7   MyCode      
     keypad_scan                               E19A      8E     142       2   MyCode      
     keypad_interpret                          E228      19      25       2   MyCode      
     keypad_interpret_2                        E241       C      12       0   MyCode      
     keypad_interpret_3                        E24D       C      12       0   MyCode      
     keypad_interpret_A                        E259       E      14       0   MyCode      
     keypad_interpret_lower_rows_jump          E267       2       2       0   MyCode      
     keypad_interpret_4                        E269       C      12       0   MyCode      
     keypad_interpret_5                        E275       C      12       0   MyCode      
     keypad_interpret_6                        E281       C      12       0   MyCode      
     keypad_interpret_B                        E28D       C      12       0   MyCode      
     keypad_interpret_lower_rows               E299      18      24       0   MyCode      
     keypad_interpret_8                        E2B1       C      12       0   MyCode      
     keypad_interpret_9                        E2BD       C      12       0   MyCode      
     keypad_interpret_C                        E2C9       E      14       0   MyCode      
     keypad_interpret_done_jump                E2D7       2       2       0   MyCode      
     keypad_interpret_E                        E2D9       C      12       0   MyCode      
     keypad_interpret_0                        E2E5       C      12       0   MyCode      
     keypad_interpret_F                        E2F1       C      12       0   MyCode      
     keypad_interpret_D                        E2FD       C      12       0   MyCode      
     keypad_interpret_done                     E309       3       3       0   MyCode      
     lcd_init                                  E30C      9A     154       1   MyCode      
     lcd_write                                 E3A6      39      57      20   MyCode      
     lcd_char                                  E3DF      32      50       7   MyCode      
     lcd_str                                   E411       2       2       3   MyCode      
     lcd_str_loop                              E413      18      24       0   MyCode      
     lcd_num_to_char                           E42B       3       3       4   MyCode      
     lcd_clear                                 E42E      1C      28       2   MyCode      
     lcd_goto_row0                             E44A       A      10       0   MyCode      
     lcd_goto_row1                             E454       A      10       0   MyCode      
     led_write                                 E45E      24      36       2   MyCode      
     str_prompt                                E482       9       9       1   MY_CONST    
     str_prompt_length                         E48B       1       1       1   MY_CONST    
     str_TK                                    E48C       4       4       1   MY_CONST    
     str_TK_length                             E490       1       1       1   MY_CONST    
     str_TC                                    E491       5       5       1   MY_CONST    
     str_TC_length                             E496       1       1       1   MY_CONST    

*********************************************************************************************
UNUSED-OBJECTS SECTION
---------------------------------------------------------------------------------------------

*********************************************************************************************
COPYDOWN SECTION
---------------------------------------------------------------------------------------------

*********************************************************************************************
OBJECT-DEPENDENCIES SECTION
---------------------------------------------------------------------------------------------
_Startup                  USES __SEG_END_SSTACK bus_init lcd_init lcd_col_idx 
                                led_data adc_init 
mainLoop                  USES lcd_clear str_prompt str_prompt_length lcd_str 
mainloop_prompt_wait      USES led_write keypad_scan keypad_interpret 
                                num_samples adc_read_ch2_avg adc_data_0 adc_data_1 temp 
mainloop_write_external   USES lcd_clear str_TK str_TK_length lcd_str temp 
                                temp_k lcd_char 
mainloop_k_small          USES temp_k lcd_char 
mainloop_k                USES temp_k lcd_num_to_char lcd_char str_TC 
                                str_TC_length lcd_str temp 
mainloop_end              USES led_write keypad_scan keypad_interpret 
mainloop_restart          USES mainLoop 
_Vtpmovf                  USES led_data 
SUB_delay                 USES SUB_delay_cnt 
adc_read_ch26_avg         USES adc_num_samples adc_read_avg 
adc_read_ch2_avg          USES adc_num_samples adc_read_avg 
adc_read_avg              USES adc_data_0 adc_data_1 adc_num_samples 
                                adc_num_samples_remaining 
adc_read_avg_loop_conversion USES adc_data_1 adc_data_0 
                                adc_num_samples_remaining 
bus_read                  USES bus_addr bus_data 
bus_write                 USES bus_data bus_addr 
keypad_scan               USES keypad_data_0 keypad_data_0_old keypad_data_1 
                                keypad_data_1_old bus_addr bus_data bus_write bus_read 
keypad_interpret          USES keypad_data_0_old keypad_data_0 keypad_data_cmp 
keypad_interpret_2        USES keypad_data_cmp 
keypad_interpret_3        USES keypad_data_cmp 
keypad_interpret_A        USES keypad_data_cmp 
keypad_interpret_4        USES keypad_data_cmp 
keypad_interpret_5        USES keypad_data_cmp 
keypad_interpret_6        USES keypad_data_cmp 
keypad_interpret_B        USES keypad_data_cmp 
keypad_interpret_lower_rows USES keypad_data_1_old keypad_data_1 
                                keypad_data_cmp 
keypad_interpret_8        USES keypad_data_cmp 
keypad_interpret_9        USES keypad_data_cmp 
keypad_interpret_C        USES keypad_data_cmp 
keypad_interpret_E        USES keypad_data_cmp 
keypad_interpret_0        USES keypad_data_cmp 
keypad_interpret_F        USES keypad_data_cmp 
keypad_interpret_D        USES keypad_data_cmp 
lcd_init                  USES SUB_delay_cnt SUB_delay lcd_write 
lcd_write                 USES lcd_data bus_data bus_addr bus_write 
                                SUB_delay_cnt SUB_delay 
lcd_char                  USES lcd_char_data lcd_write SUB_delay_cnt SUB_delay 
                                lcd_col_idx 
lcd_str                   USES str_length 
lcd_str_loop              USES lcd_char str_length 
lcd_clear                 USES lcd_write SUB_delay_cnt SUB_delay 
lcd_goto_row0             USES lcd_write 
lcd_goto_row1             USES lcd_write 
led_write                 USES bus_addr led_data bus_data bus_write 

*********************************************************************************************
DEPENDENCY TREE
*********************************************************************************************
 main and _Startup Group
 | 
 +- main                
 |    
 +- _Startup            
    | 
    +- bus_init            
    |    
    +- lcd_init            
    |  | 
    |  +- SUB_delay           
    |  |    
    |  +- lcd_write           
    |     | 
    |     +- bus_write           
    |     |    
    |     +- SUB_delay            (see above)
    |        
    +- adc_init            
         
 _Vtpmovf            
   
*********************************************************************************************
STATISTIC SECTION
---------------------------------------------------------------------------------------------

ExeFile:
--------
Number of blocks to be downloaded: 5
Total size of all blocks to be downloaded: 1179

