*** EVALUATION ***
PROGRAM "EELE465_Lab03.abs"

*********************************************************************************************
TARGET SECTION
---------------------------------------------------------------------------------------------
Processor   : Freescale HC08
Memory Model: SMALL
File Format : ELF\DWARF 2.0
Linker      : SmartLinker V-5.0.50 Build 13184, Jul  4 2013

*********************************************************************************************
FILE SECTION
---------------------------------------------------------------------------------------------
bus_asm.obj                             Model: SMALL,         Lang: Assembler
i2c_driver_asm.obj                      Model: SMALL,         Lang: Assembler
lcd_asm.obj                             Model: SMALL,         Lang: Assembler
led_asm.obj                             Model: SMALL,         Lang: Assembler
main_asm.obj                            Model: SMALL,         Lang: Assembler
rtc_driver_asm.obj                      Model: SMALL,         Lang: Assembler

*********************************************************************************************
STARTUP SECTION
---------------------------------------------------------------------------------------------
Entry point: 0xE000 (_Startup)

*********************************************************************************************
SECTION-ALLOCATION SECTION
Section Name                    Size  Type     From       To       Segment
---------------------------------------------------------------------------------------------
.init                            113     R     0xE000     0xE070   ROM
MY_ZEROPAGE                       28   R/W       0x60       0x7B   Z_RAM
MyCode                           828     R     0xE071     0xE3AC   ROM
.stack                            64   R/W      0x100      0x13F   RAM
.vectSeg0_vect                     2     R     0xFFF0     0xFFF1   .vectSeg0
.vectSeg1_vect                     2     R     0xFFFE     0xFFFF   .vectSeg1

Summary of section sizes per section type:
READ_ONLY (R):         3B1 (dec:      945)
READ_WRITE (R/W):       5C (dec:       92)

*********************************************************************************************
VECTOR-ALLOCATION SECTION
    Address     InitValue   InitFunction
---------------------------------------------------------------------------------------------
     0xFFF0        0xE02F   _Vtpmovf
     0xFFFE        0xE000   _Startup

*********************************************************************************************
OBJECT-ALLOCATION SECTION
     Name               Module                 Addr   hSize   dSize     Ref    Section   RLIB
---------------------------------------------------------------------------------------------
MODULE:                 -- bus_asm.obj --
- PROCEDURES:
     bus_init                                  E071       A      10       1   MyCode      
     bus_read                                  E07B      1A      26       0   MyCode      
     bus_write                                 E095      16      22       3   MyCode      
- VARIABLES:
     bus_addr                                    60       1       1       5   MY_ZEROPAGE 
     bus_data                                    61       1       1       5   MY_ZEROPAGE 
MODULE:                 -- i2c_driver_asm.obj --
- PROCEDURES:
     i2c_init                                  E0AB       D      13       1   MyCode      
     i2c_start                                 E0B8       8       8       3   MyCode      
     i2c_stop                                  E0C0       A      10       3   MyCode      
     i2c_tx_byte                               E0CA       4       4      12   MyCode      
     tx_nextbit                                E0CE       8       8       0   MyCode      
     tx_setup                                  E0D6       7       7       0   MyCode      
     tx_send_low                               E0DD       7       7       0   MyCode      
     tx_continue                               E0E4       8       8       0   MyCode      
     tx_ack_poll                               E0EC       F      15       0   MyCode      
     tx_done                                   E0FB       5       5       0   MyCode      
     i2c_rx_byte                               E100       A      10       7   MyCode      
     rx_nextbit                                E10A      11      17       0   MyCode      
     rx_low                                    E11B       D      13       0   MyCode      
     rx_continue                               E11B       0       0       0   MyCode      
     rx_ack                                    E128       4       4       0   MyCode      
     rx_nack                                   E12C       2       2       0   MyCode      
     rx_done                                   E12E       D      13       0   MyCode      
     i2c_setup_delay                           E13B       3       3       5   MyCode      
     i2c_bit_delay                             E13E       6       6       6   MyCode      
- VARIABLES:
     BitCounter                                  62       1       1       5   MY_ZEROPAGE 
     Value                                       63       1       1       5   MY_ZEROPAGE 
MODULE:                 -- lcd_asm.obj --
- PROCEDURES:
     lcd_init                                  E144      9A     154       1   MyCode      
     lcd_write                                 E1DE      39      57      20   MyCode      
     lcd_char                                  E217      32      50       1   MyCode      
     lcd_str                                   E249       2       2       0   MyCode      
     lcd_str_loop                              E24B      18      24       0   MyCode      
     lcd_num_to_char                           E263       3       3       0   MyCode      
     lcd_clear                                 E266      1C      28       0   MyCode      
     lcd_goto_row0                             E282       A      10       0   MyCode      
     lcd_goto_row1                             E28C       A      10       0   MyCode      
- VARIABLES:
     lcd_data                                    64       1       1       3   MY_ZEROPAGE 
     lcd_char_data                               65       1       1       2   MY_ZEROPAGE 
     lcd_col_idx                                 66       1       1       3   MY_ZEROPAGE 
     str_length                                  67       1       1       3   MY_ZEROPAGE 
MODULE:                 -- led_asm.obj --
- PROCEDURES:
     led_write                                 E296      24      36       1   MyCode      
- VARIABLES:
     led_data                                    68       1       1       5   MY_ZEROPAGE 
MODULE:                 -- main_asm.obj --
- PROCEDURES:
     _Startup                                  E000      27      39       0   .init       
     main                                      E000       0       0       0   .init       
     mainLoop                                  E027       8       8       0   .init       
     _Vtpmovf                                  E02F      12      18       0   .init       
     SUB_delay                                 E041       6       6       9   .init       
     SUB_delay_loop_0                          E047       A      10       0   .init       
     SUB_delay_loop_1                          E051       C      12       0   .init       
     SUB_delay_loop_2                          E05D      10      16       0   .init       
     SUB_delay_done                            E06D       4       4       0   .init       
- VARIABLES:
     SUB_delay_cnt                               69       3       3       9   MY_ZEROPAGE 
     num_samples                                 6C       1       1       0   MY_ZEROPAGE 
     temp                                        6D       1       1       0   MY_ZEROPAGE 
     temp_k                                      6E       1       1       0   MY_ZEROPAGE 
- LABELS:
     __SEG_END_SSTACK                           140       0       0       1               
MODULE:                 -- rtc_driver_asm.obj --
- PROCEDURES:
     rtc_init                                  E2BA      28      40       1   MyCode      
     rtc_set_time                              E2E2      5F      95       1   MyCode      
     rtc_get_time                              E341      6C     108       1   MyCode      
- VARIABLES:
     Sec                                         6F       2       2       6   MY_ZEROPAGE 
     Min                                         71       2       2       6   MY_ZEROPAGE 
     Hour                                        73       2       2       6   MY_ZEROPAGE 
     Date                                        75       2       2       6   MY_ZEROPAGE 
     Month                                       77       2       2       6   MY_ZEROPAGE 
     Year                                        79       2       2       6   MY_ZEROPAGE 
     Byte_counter                                7B       1       1       1   MY_ZEROPAGE 

*********************************************************************************************
MODULE STATISTIC
  Name                                      Data   Code  Const
---------------------------------------------------------------------------------------------
  bus_asm.obj                                  2     58      0
  i2c_driver_asm.obj                           2    153      0
  lcd_asm.obj                                  4    338      0
  led_asm.obj                                  1     36      0
  main_asm.obj                                 6    113      0
  rtc_driver_asm.obj                          13    243      0
  other                                       64      4      0

*********************************************************************************************
SECTION USE IN OBJECT-ALLOCATION SECTION
---------------------------------------------------------------------------------------------
SECTION: ".init"
  main _Startup mainLoop _Vtpmovf SUB_delay SUB_delay_loop_0 SUB_delay_loop_1 
  SUB_delay_loop_2 SUB_delay_done 
SECTION: "MY_ZEROPAGE"
  bus_addr bus_data BitCounter Value lcd_data lcd_char_data lcd_col_idx 
  str_length led_data SUB_delay_cnt num_samples temp temp_k Sec Min Hour Date 
  Month Year Byte_counter 
SECTION: "MyCode"
  bus_init bus_read bus_write i2c_init i2c_start i2c_stop i2c_tx_byte 
  tx_nextbit tx_setup tx_send_low tx_continue tx_ack_poll tx_done i2c_rx_byte 
  rx_nextbit rx_continue rx_low rx_ack rx_nack rx_done i2c_setup_delay 
  i2c_bit_delay lcd_init lcd_write lcd_char lcd_str lcd_str_loop 
  lcd_num_to_char lcd_clear lcd_goto_row0 lcd_goto_row1 led_write rtc_init 
  rtc_set_time rtc_get_time 

*********************************************************************************************
OBJECT LIST SORTED BY ADDRESS
     Name                                      Addr   hSize   dSize     Ref    Section   RLIB
---------------------------------------------------------------------------------------------
     bus_addr                                    60       1       1       5   MY_ZEROPAGE 
     bus_data                                    61       1       1       5   MY_ZEROPAGE 
     BitCounter                                  62       1       1       5   MY_ZEROPAGE 
     Value                                       63       1       1       5   MY_ZEROPAGE 
     lcd_data                                    64       1       1       3   MY_ZEROPAGE 
     lcd_char_data                               65       1       1       2   MY_ZEROPAGE 
     lcd_col_idx                                 66       1       1       3   MY_ZEROPAGE 
     str_length                                  67       1       1       3   MY_ZEROPAGE 
     led_data                                    68       1       1       5   MY_ZEROPAGE 
     SUB_delay_cnt                               69       3       3       9   MY_ZEROPAGE 
     num_samples                                 6C       1       1       0   MY_ZEROPAGE 
     temp                                        6D       1       1       0   MY_ZEROPAGE 
     temp_k                                      6E       1       1       0   MY_ZEROPAGE 
     Sec                                         6F       2       2       6   MY_ZEROPAGE 
     Min                                         71       2       2       6   MY_ZEROPAGE 
     Hour                                        73       2       2       6   MY_ZEROPAGE 
     Date                                        75       2       2       6   MY_ZEROPAGE 
     Month                                       77       2       2       6   MY_ZEROPAGE 
     Year                                        79       2       2       6   MY_ZEROPAGE 
     Byte_counter                                7B       1       1       1   MY_ZEROPAGE 
     main                                      E000       0       0       0   .init       
     _Startup                                  E000      27      39       0   .init       
     mainLoop                                  E027       8       8       0   .init       
     _Vtpmovf                                  E02F      12      18       0   .init       
     SUB_delay                                 E041       6       6       9   .init       
     SUB_delay_loop_0                          E047       A      10       0   .init       
     SUB_delay_loop_1                          E051       C      12       0   .init       
     SUB_delay_loop_2                          E05D      10      16       0   .init       
     SUB_delay_done                            E06D       4       4       0   .init       
     bus_init                                  E071       A      10       1   MyCode      
     bus_read                                  E07B      1A      26       0   MyCode      
     bus_write                                 E095      16      22       3   MyCode      
     i2c_init                                  E0AB       D      13       1   MyCode      
     i2c_start                                 E0B8       8       8       3   MyCode      
     i2c_stop                                  E0C0       A      10       3   MyCode      
     i2c_tx_byte                               E0CA       4       4      12   MyCode      
     tx_nextbit                                E0CE       8       8       0   MyCode      
     tx_setup                                  E0D6       7       7       0   MyCode      
     tx_send_low                               E0DD       7       7       0   MyCode      
     tx_continue                               E0E4       8       8       0   MyCode      
     tx_ack_poll                               E0EC       F      15       0   MyCode      
     tx_done                                   E0FB       5       5       0   MyCode      
     i2c_rx_byte                               E100       A      10       7   MyCode      
     rx_nextbit                                E10A      11      17       0   MyCode      
     rx_continue                               E11B       0       0       0   MyCode      
     rx_low                                    E11B       D      13       0   MyCode      
     rx_ack                                    E128       4       4       0   MyCode      
     rx_nack                                   E12C       2       2       0   MyCode      
     rx_done                                   E12E       D      13       0   MyCode      
     i2c_setup_delay                           E13B       3       3       5   MyCode      
     i2c_bit_delay                             E13E       6       6       6   MyCode      
     lcd_init                                  E144      9A     154       1   MyCode      
     lcd_write                                 E1DE      39      57      20   MyCode      
     lcd_char                                  E217      32      50       1   MyCode      
     lcd_str                                   E249       2       2       0   MyCode      
     lcd_str_loop                              E24B      18      24       0   MyCode      
     lcd_num_to_char                           E263       3       3       0   MyCode      
     lcd_clear                                 E266      1C      28       0   MyCode      
     lcd_goto_row0                             E282       A      10       0   MyCode      
     lcd_goto_row1                             E28C       A      10       0   MyCode      
     led_write                                 E296      24      36       1   MyCode      
     rtc_init                                  E2BA      28      40       1   MyCode      
     rtc_set_time                              E2E2      5F      95       1   MyCode      
     rtc_get_time                              E341      6C     108       1   MyCode      

*********************************************************************************************
UNUSED-OBJECTS SECTION
---------------------------------------------------------------------------------------------
NOT USED VARIABLES
main_asm.obj:
  INTACC1 INTACC2 keypad_data_0 adc_data_0 keypad_data_1 adc_data_1 str_prompt 
  str_prompt_length str_TK str_TK_length str_TC str_TC_length 

*********************************************************************************************
COPYDOWN SECTION
---------------------------------------------------------------------------------------------

*********************************************************************************************
OBJECT-DEPENDENCIES SECTION
---------------------------------------------------------------------------------------------
_Startup                  USES __SEG_END_SSTACK bus_init lcd_init lcd_col_idx 
                                led_data i2c_init rtc_init 
mainLoop                  USES led_write SUB_delay 
_Vtpmovf                  USES rtc_get_time led_data 
SUB_delay                 USES SUB_delay_cnt 
bus_read                  USES bus_addr bus_data 
bus_write                 USES bus_data bus_addr 
i2c_init                  USES Value BitCounter 
i2c_start                 USES i2c_bit_delay 
i2c_stop                  USES i2c_bit_delay 
i2c_tx_byte               USES BitCounter 
tx_nextbit                USES i2c_setup_delay 
tx_setup                  USES i2c_bit_delay 
tx_send_low               USES i2c_setup_delay 
tx_continue               USES BitCounter 
tx_ack_poll               USES i2c_setup_delay i2c_bit_delay 
i2c_rx_byte               USES Value BitCounter 
rx_nextbit                USES i2c_bit_delay Value i2c_setup_delay 
rx_low                    USES BitCounter 
rx_done                   USES i2c_setup_delay i2c_bit_delay Value 
lcd_init                  USES SUB_delay_cnt SUB_delay lcd_write 
lcd_write                 USES lcd_data bus_data bus_addr bus_write 
                                SUB_delay_cnt SUB_delay 
lcd_char                  USES lcd_char_data lcd_write SUB_delay_cnt SUB_delay 
                                lcd_col_idx 
lcd_str                   USES str_length 
lcd_str_loop              USES lcd_char str_length 
lcd_clear                 USES lcd_write SUB_delay_cnt SUB_delay 
lcd_goto_row0             USES lcd_write 
lcd_goto_row1             USES lcd_write 
led_write                 USES bus_addr led_data bus_data bus_write 
rtc_init                  USES Sec Min Hour Date Month Year rtc_set_time 
rtc_set_time              USES i2c_start i2c_tx_byte Sec Min Hour Date Month 
                                Year i2c_stop 
rtc_get_time              USES i2c_start i2c_tx_byte i2c_stop Byte_counter 
                                i2c_rx_byte Sec Min Hour Date Month Year 

*********************************************************************************************
DEPENDENCY TREE
*********************************************************************************************
 main and _Startup Group
 | 
 +- main                
 |    
 +- _Startup            
    | 
    +- bus_init            
    |    
    +- lcd_init            
    |  | 
    |  +- SUB_delay           
    |  |    
    |  +- lcd_write           
    |     | 
    |     +- bus_write           
    |     |    
    |     +- SUB_delay            (see above)
    |        
    +- i2c_init            
    |    
    +- rtc_init            
       | 
       +- rtc_set_time        
          | 
          +- i2c_start           
          |  | 
          |  +- i2c_bit_delay       
          |       
          +- i2c_tx_byte         
          |    
          +- i2c_stop            
             | 
             +- i2c_bit_delay        (see above)
                
 _Vtpmovf            
 | 
 +- rtc_get_time        
    | 
    +- i2c_start            (see above)
    |  
    +- i2c_tx_byte          (see above)
    |  
    +- i2c_stop             (see above)
    |  
    +- i2c_rx_byte         
         
*********************************************************************************************
STATISTIC SECTION
---------------------------------------------------------------------------------------------

ExeFile:
--------
Number of blocks to be downloaded: 4
Total size of all blocks to be downloaded: 945

